// Jest Snapshot v1, https://goo.gl/fbAQLP

exports[`Login should match snapshot 1`] = `
ShallowWrapper {
  "length": 1,
  Symbol(enzyme.__root__): [Circular],
  Symbol(enzyme.__unrendered__): <Login
    signIn={[Function]}
  />,
  Symbol(enzyme.__renderer__): Object {
    "batchedUpdates": [Function],
    "getNode": [Function],
    "render": [Function],
    "simulateEvent": [Function],
    "unmount": [Function],
  },
  Symbol(enzyme.__node__): Object {
    "instance": null,
    "key": undefined,
    "nodeType": "function",
    "props": Object {
      "children": Array [
        <div
          className="column column-nav"
        />,
        <div
          className="column column-actions"
        >
          <h2
            className="current-date"
          >
            <strong>
              Entrada
            </strong>
          </h2>
          <main>
            <AlertModal
              active={false}
              content=""
              onClose={[Function]}
              title="Erro!"
            />
            <form
              className="login-form"
              onSubmit={[Function]}
            >
              <div
                className="login-field"
              >
                <input
                  name="username"
                  onChange={[Function]}
                  placeholder="Usuário"
                  type="text"
                />
              </div>
              <div
                className="login-field"
              >
                <input
                  name="password"
                  onChange={[Function]}
                  placeholder="Senha"
                  type="password"
                />
              </div>
              <button
                className="send send-login"
                disabled={true}
                type="submit"
              >
                Enviar
              </button>
            </form>
          </main>
        </div>,
      ],
    },
    "ref": null,
    "rendered": Array [
      Object {
        "instance": null,
        "key": undefined,
        "nodeType": "host",
        "props": Object {
          "className": "column column-nav",
        },
        "ref": null,
        "rendered": null,
        "type": "div",
      },
      Object {
        "instance": null,
        "key": undefined,
        "nodeType": "host",
        "props": Object {
          "children": Array [
            <h2
              className="current-date"
            >
              <strong>
                Entrada
              </strong>
            </h2>,
            <main>
              <AlertModal
                active={false}
                content=""
                onClose={[Function]}
                title="Erro!"
              />
              <form
                className="login-form"
                onSubmit={[Function]}
              >
                <div
                  className="login-field"
                >
                  <input
                    name="username"
                    onChange={[Function]}
                    placeholder="Usuário"
                    type="text"
                  />
                </div>
                <div
                  className="login-field"
                >
                  <input
                    name="password"
                    onChange={[Function]}
                    placeholder="Senha"
                    type="password"
                  />
                </div>
                <button
                  className="send send-login"
                  disabled={true}
                  type="submit"
                >
                  Enviar
                </button>
              </form>
            </main>,
          ],
          "className": "column column-actions",
        },
        "ref": null,
        "rendered": Array [
          Object {
            "instance": null,
            "key": undefined,
            "nodeType": "host",
            "props": Object {
              "children": <strong>
                Entrada
              </strong>,
              "className": "current-date",
            },
            "ref": null,
            "rendered": Object {
              "instance": null,
              "key": undefined,
              "nodeType": "host",
              "props": Object {
                "children": "Entrada",
              },
              "ref": null,
              "rendered": "Entrada",
              "type": "strong",
            },
            "type": "h2",
          },
          Object {
            "instance": null,
            "key": undefined,
            "nodeType": "host",
            "props": Object {
              "children": Array [
                <AlertModal
                  active={false}
                  content=""
                  onClose={[Function]}
                  title="Erro!"
                />,
                <form
                  className="login-form"
                  onSubmit={[Function]}
                >
                  <div
                    className="login-field"
                  >
                    <input
                      name="username"
                      onChange={[Function]}
                      placeholder="Usuário"
                      type="text"
                    />
                  </div>
                  <div
                    className="login-field"
                  >
                    <input
                      name="password"
                      onChange={[Function]}
                      placeholder="Senha"
                      type="password"
                    />
                  </div>
                  <button
                    className="send send-login"
                    disabled={true}
                    type="submit"
                  >
                    Enviar
                  </button>
                </form>,
              ],
            },
            "ref": null,
            "rendered": Array [
              Object {
                "instance": null,
                "key": undefined,
                "nodeType": "function",
                "props": Object {
                  "active": false,
                  "content": "",
                  "onClose": [Function],
                  "title": "Erro!",
                },
                "ref": null,
                "rendered": null,
                "type": [Function],
              },
              Object {
                "instance": null,
                "key": undefined,
                "nodeType": "host",
                "props": Object {
                  "children": Array [
                    <div
                      className="login-field"
                    >
                      <input
                        name="username"
                        onChange={[Function]}
                        placeholder="Usuário"
                        type="text"
                      />
                    </div>,
                    <div
                      className="login-field"
                    >
                      <input
                        name="password"
                        onChange={[Function]}
                        placeholder="Senha"
                        type="password"
                      />
                    </div>,
                    <button
                      className="send send-login"
                      disabled={true}
                      type="submit"
                    >
                      Enviar
                    </button>,
                  ],
                  "className": "login-form",
                  "onSubmit": [Function],
                },
                "ref": null,
                "rendered": Array [
                  Object {
                    "instance": null,
                    "key": undefined,
                    "nodeType": "host",
                    "props": Object {
                      "children": <input
                        name="username"
                        onChange={[Function]}
                        placeholder="Usuário"
                        type="text"
                      />,
                      "className": "login-field",
                    },
                    "ref": null,
                    "rendered": Object {
                      "instance": null,
                      "key": undefined,
                      "nodeType": "host",
                      "props": Object {
                        "name": "username",
                        "onChange": [Function],
                        "placeholder": "Usuário",
                        "type": "text",
                      },
                      "ref": null,
                      "rendered": null,
                      "type": "input",
                    },
                    "type": "div",
                  },
                  Object {
                    "instance": null,
                    "key": undefined,
                    "nodeType": "host",
                    "props": Object {
                      "children": <input
                        name="password"
                        onChange={[Function]}
                        placeholder="Senha"
                        type="password"
                      />,
                      "className": "login-field",
                    },
                    "ref": null,
                    "rendered": Object {
                      "instance": null,
                      "key": undefined,
                      "nodeType": "host",
                      "props": Object {
                        "name": "password",
                        "onChange": [Function],
                        "placeholder": "Senha",
                        "type": "password",
                      },
                      "ref": null,
                      "rendered": null,
                      "type": "input",
                    },
                    "type": "div",
                  },
                  Object {
                    "instance": null,
                    "key": undefined,
                    "nodeType": "host",
                    "props": Object {
                      "children": "Enviar",
                      "className": "send send-login",
                      "disabled": true,
                      "type": "submit",
                    },
                    "ref": null,
                    "rendered": "Enviar",
                    "type": "button",
                  },
                ],
                "type": "form",
              },
            ],
            "type": "main",
          },
        ],
        "type": "div",
      },
    ],
    "type": Symbol(react.fragment),
  },
  Symbol(enzyme.__nodes__): Array [
    Object {
      "instance": null,
      "key": undefined,
      "nodeType": "function",
      "props": Object {
        "children": Array [
          <div
            className="column column-nav"
          />,
          <div
            className="column column-actions"
          >
            <h2
              className="current-date"
            >
              <strong>
                Entrada
              </strong>
            </h2>
            <main>
              <AlertModal
                active={false}
                content=""
                onClose={[Function]}
                title="Erro!"
              />
              <form
                className="login-form"
                onSubmit={[Function]}
              >
                <div
                  className="login-field"
                >
                  <input
                    name="username"
                    onChange={[Function]}
                    placeholder="Usuário"
                    type="text"
                  />
                </div>
                <div
                  className="login-field"
                >
                  <input
                    name="password"
                    onChange={[Function]}
                    placeholder="Senha"
                    type="password"
                  />
                </div>
                <button
                  className="send send-login"
                  disabled={true}
                  type="submit"
                >
                  Enviar
                </button>
              </form>
            </main>
          </div>,
        ],
      },
      "ref": null,
      "rendered": Array [
        Object {
          "instance": null,
          "key": undefined,
          "nodeType": "host",
          "props": Object {
            "className": "column column-nav",
          },
          "ref": null,
          "rendered": null,
          "type": "div",
        },
        Object {
          "instance": null,
          "key": undefined,
          "nodeType": "host",
          "props": Object {
            "children": Array [
              <h2
                className="current-date"
              >
                <strong>
                  Entrada
                </strong>
              </h2>,
              <main>
                <AlertModal
                  active={false}
                  content=""
                  onClose={[Function]}
                  title="Erro!"
                />
                <form
                  className="login-form"
                  onSubmit={[Function]}
                >
                  <div
                    className="login-field"
                  >
                    <input
                      name="username"
                      onChange={[Function]}
                      placeholder="Usuário"
                      type="text"
                    />
                  </div>
                  <div
                    className="login-field"
                  >
                    <input
                      name="password"
                      onChange={[Function]}
                      placeholder="Senha"
                      type="password"
                    />
                  </div>
                  <button
                    className="send send-login"
                    disabled={true}
                    type="submit"
                  >
                    Enviar
                  </button>
                </form>
              </main>,
            ],
            "className": "column column-actions",
          },
          "ref": null,
          "rendered": Array [
            Object {
              "instance": null,
              "key": undefined,
              "nodeType": "host",
              "props": Object {
                "children": <strong>
                  Entrada
                </strong>,
                "className": "current-date",
              },
              "ref": null,
              "rendered": Object {
                "instance": null,
                "key": undefined,
                "nodeType": "host",
                "props": Object {
                  "children": "Entrada",
                },
                "ref": null,
                "rendered": "Entrada",
                "type": "strong",
              },
              "type": "h2",
            },
            Object {
              "instance": null,
              "key": undefined,
              "nodeType": "host",
              "props": Object {
                "children": Array [
                  <AlertModal
                    active={false}
                    content=""
                    onClose={[Function]}
                    title="Erro!"
                  />,
                  <form
                    className="login-form"
                    onSubmit={[Function]}
                  >
                    <div
                      className="login-field"
                    >
                      <input
                        name="username"
                        onChange={[Function]}
                        placeholder="Usuário"
                        type="text"
                      />
                    </div>
                    <div
                      className="login-field"
                    >
                      <input
                        name="password"
                        onChange={[Function]}
                        placeholder="Senha"
                        type="password"
                      />
                    </div>
                    <button
                      className="send send-login"
                      disabled={true}
                      type="submit"
                    >
                      Enviar
                    </button>
                  </form>,
                ],
              },
              "ref": null,
              "rendered": Array [
                Object {
                  "instance": null,
                  "key": undefined,
                  "nodeType": "function",
                  "props": Object {
                    "active": false,
                    "content": "",
                    "onClose": [Function],
                    "title": "Erro!",
                  },
                  "ref": null,
                  "rendered": null,
                  "type": [Function],
                },
                Object {
                  "instance": null,
                  "key": undefined,
                  "nodeType": "host",
                  "props": Object {
                    "children": Array [
                      <div
                        className="login-field"
                      >
                        <input
                          name="username"
                          onChange={[Function]}
                          placeholder="Usuário"
                          type="text"
                        />
                      </div>,
                      <div
                        className="login-field"
                      >
                        <input
                          name="password"
                          onChange={[Function]}
                          placeholder="Senha"
                          type="password"
                        />
                      </div>,
                      <button
                        className="send send-login"
                        disabled={true}
                        type="submit"
                      >
                        Enviar
                      </button>,
                    ],
                    "className": "login-form",
                    "onSubmit": [Function],
                  },
                  "ref": null,
                  "rendered": Array [
                    Object {
                      "instance": null,
                      "key": undefined,
                      "nodeType": "host",
                      "props": Object {
                        "children": <input
                          name="username"
                          onChange={[Function]}
                          placeholder="Usuário"
                          type="text"
                        />,
                        "className": "login-field",
                      },
                      "ref": null,
                      "rendered": Object {
                        "instance": null,
                        "key": undefined,
                        "nodeType": "host",
                        "props": Object {
                          "name": "username",
                          "onChange": [Function],
                          "placeholder": "Usuário",
                          "type": "text",
                        },
                        "ref": null,
                        "rendered": null,
                        "type": "input",
                      },
                      "type": "div",
                    },
                    Object {
                      "instance": null,
                      "key": undefined,
                      "nodeType": "host",
                      "props": Object {
                        "children": <input
                          name="password"
                          onChange={[Function]}
                          placeholder="Senha"
                          type="password"
                        />,
                        "className": "login-field",
                      },
                      "ref": null,
                      "rendered": Object {
                        "instance": null,
                        "key": undefined,
                        "nodeType": "host",
                        "props": Object {
                          "name": "password",
                          "onChange": [Function],
                          "placeholder": "Senha",
                          "type": "password",
                        },
                        "ref": null,
                        "rendered": null,
                        "type": "input",
                      },
                      "type": "div",
                    },
                    Object {
                      "instance": null,
                      "key": undefined,
                      "nodeType": "host",
                      "props": Object {
                        "children": "Enviar",
                        "className": "send send-login",
                        "disabled": true,
                        "type": "submit",
                      },
                      "ref": null,
                      "rendered": "Enviar",
                      "type": "button",
                    },
                  ],
                  "type": "form",
                },
              ],
              "type": "main",
            },
          ],
          "type": "div",
        },
      ],
      "type": Symbol(react.fragment),
    },
  ],
  Symbol(enzyme.__options__): Object {
    "adapter": ReactSixteenAdapter {
      "options": Object {
        "enableComponentDidUpdateOnSetState": true,
      },
    },
  },
}
`;
